
> nx run jjm-inventory:build:development

npx : Project '.vercel' 
contains extension with 
invalid name (projectId).
At line:1 char:1
+ npx nx build 
--configuration=development > 
build_errors.txt 2>&1; Get ...
+ ~~~~~~~~~~~~~~~~~~~~~~~~~~~~~
~~~~~~~~~~~~~~~~~~~~~~~~~~~~~~~
~~~~
    + CategoryInfo          :  
   NotSpecified: (Project '.v  
  erce...me (projectId).:Str   
 ing) [], RemoteException
    + FullyQualifiedErrorId :  
   NativeCommandError
 
Project '.vercel' contains 
extension with invalid name 
(orgId).
Project '.vercel' contains 
extension with invalid name 
(projectName).
Project '.vercel' contains 
extension with invalid name 
(settings).
- Building...
[37mApplication bundle generation failed. [13.006 seconds][39m
[37m[39m
[1m[33m[33mΓû▓ [43;33m[[43
;30mWARNING[43;33m][0m 
[1mTypeScript compiler 
options 'module' values 
'CommonJS', 'UMD', 'System' 
and 'AMD' are not 
supported.[0m 
[1m[35m[plugin 
angular-compiler][0m[39m[22m
[1m[33m[39m[22m
[1m[33m  The 'module' option 
will be set to 'ES2022' 
instead.[39m[22m
[1m[33m[39m[22m
[1m[33m[39m[22m
[1m[33m[33mΓû▓ [43;33m[[43
;30mWARNING[43;33m][0m 
[1mTypeScript compiler 
options 'target' and 
'useDefineForClassFields' are 
set to 'ES2022' and 'false' 
respectively by the Angular 
CLI.[0m [1m[35m[plugin 
angular-compiler][0m[39m[22m
[1m[33m[39m[22m
[1m[33m    tsconfig.app.json:
0:0:[39m[22m
[1m[33m[37m      0 Γöé 
[32m[37m[39m[22m
[1m[33m        Γò╡ 
[32m^[0m[39m[22m
[1m[33m[39m[22m
[1m[33m  To control ECMA 
version and features use the 
Browserslist configuration. 
For more information, see [4mh
ttps://angular.io/guide/build#c
onfiguring-browser-compatibilit
y[0m[39m[22m
[1m[33m[39m[22m
[1m[33m[39m[22m
[1m[31m[31mX [41;31m[[41;9
7mERROR[41;31m][0m 
[1mTS2554: Expected 1 
arguments, but got 0.[0m 
[1m[35m[plugin 
angular-compiler][0m[39m[22m
[1m[31m[39m[22m
[1m[31m    src/app/services/n
otification.service.ts:353:9:[
39m[22m
[1m[31m[37m      353 Γöé    
 this.[32mpersistNotifications
[37m();[39m[22m
[1m[31m          Γò╡         
 [32m~~~~~~~~~~~~~~~~~~~~[0m
[39m[22m
[1m[31m[39m[22m
[1m[31m  An argument for 
'notifications' was not 
provided.[39m[22m
[1m[31m[39m[22m
[1m[31m    src/app/services/n
otification.service.ts:130:31:
[39m[22m
[1m[31m[37m      130 Γöé   
private persistNotifications([
32mnotifications: 
AdminNotification[][37m) 
{[39m[22m
[1m[31m          Γò╡         
                       [32m~~~
~~~~~~~~~~~~~~~~~~~~~~~~~~~~~~~
[0m[39m[22m
[1m[31m[39m[22m
[1m[31m[39m[22m
[1m[31m[31mX [41;31m[[41;9
7mERROR[41;31m][0m 
[1mTS2554: Expected 1 
arguments, but got 0.[0m 
[1m[35m[plugin 
angular-compiler][0m[39m[22m
[1m[31m[39m[22m
[1m[31m    src/app/services/n
otification.service.ts:363:9:[
39m[22m
[1m[31m[37m      363 Γöé    
 this.[32mpersistNotifications
[37m();[39m[22m
[1m[31m          Γò╡         
 [32m~~~~~~~~~~~~~~~~~~~~[0m
[39m[22m
[1m[31m[39m[22m
[1m[31m  An argument for 
'notifications' was not 
provided.[39m[22m
[1m[31m[39m[22m
[1m[31m    src/app/services/n
otification.service.ts:130:31:
[39m[22m
[1m[31m[37m      130 Γöé   
private persistNotifications([
32mnotifications: 
AdminNotification[][37m) 
{[39m[22m
[1m[31m          Γò╡         
                       [32m~~~
~~~~~~~~~~~~~~~~~~~~~~~~~~~~~~~
[0m[39m[22m
[1m[31m[39m[22m
[1m[31m[39m[22m
[1m[31m[31mX [41;31m[[41;9
7mERROR[41;31m][0m 
[1mTS2554: Expected 1 
arguments, but got 0.[0m 
[1m[35m[plugin 
angular-compiler][0m[39m[22m
[1m[31m[39m[22m
[1m[31m    src/app/services/n
otification.service.ts:369:9:[
39m[22m
[1m[31m[37m      369 Γöé    
 this.[32mpersistNotifications
[37m();[39m[22m
[1m[31m          Γò╡         
 [32m~~~~~~~~~~~~~~~~~~~~[0m
[39m[22m
[1m[31m[39m[22m
[1m[31m  An argument for 
'notifications' was not 
provided.[39m[22m
[1m[31m[39m[22m
[1m[31m    src/app/services/n
otification.service.ts:130:31:
[39m[22m
[1m[31m[37m      130 Γöé   
private persistNotifications([
32mnotifications: 
AdminNotification[][37m) 
{[39m[22m
[1m[31m          Γò╡         
                       [32m~~~
~~~~~~~~~~~~~~~~~~~~~~~~~~~~~~~
[0m[39m[22m
[1m[31m[39m[22m
[1m[31m[39m[22m



 NX   Running target build for project jjm-inventory failed

Failed tasks:

- jjm-inventory:build:development

Hint: run the command with --verbose for more details.


 NX   Nx Cloud encountered some problems

This workspace is more than three days old and is not connected. Workspaces must be connected within 3 days of creation. Claim your workspace at https://cloud.nx.app. (code: 401)

