
> nx run jjm-inventory:build:development

npx : Project '.vercel' 
contains extension with 
invalid name (projectId).
At line:1 char:1
+ npx nx build 
--configuration=development > 
build_output.txt 2>&1; Get ...
+ ~~~~~~~~~~~~~~~~~~~~~~~~~~~~~
~~~~~~~~~~~~~~~~~~~~~~~~~~~~~~~
~~~~
    + CategoryInfo          :  
   NotSpecified: (Project '.v  
  erce...me (projectId).:Str   
 ing) [], RemoteException
    + FullyQualifiedErrorId :  
   NativeCommandError
 
Project '.vercel' contains 
extension with invalid name 
(orgId).
Project '.vercel' contains 
extension with invalid name 
(projectName).
Project '.vercel' contains 
extension with invalid name 
(settings).
- Building...
[37m[1mInitial chunk files[22m[2m | [22m[1mNames[22m                         [2m | [22m [1mRaw size[22m[39m
[37m[32mchunk-5O436ONG.js[39m[37m  [2m | [22m[2m-[22m                             [2m | [22m  [36m1.64 MB[39m[37m[2m | [22m[39m
[37m[32mmain.js[39m[37m            [2m | [22m[2mmain[22m                          [2m | [22m[36m398.83 kB[39m[37m[2m | [22m[39m
[37m[32mchunk-4EGH2676.js[39m[37m  [2m | [22m[2m-[22m                             [2m | [22m[36m343.87 kB[39m[37m[2m | [22m[39m
[37m[32mchunk-6EWORH6X.js[39m[37m  [2m | [22m[2m-[22m                             [2m | [22m[36m312.77 kB[39m[37m[2m | [22m[39m
[37m[32mchunk-EA6XZQXI.js[39m[37m  [2m | [22m[2m-[22m                             [2m | [22m[36m193.72 kB[39m[37m[2m | [22m[39m
[37m[32mpolyfills.js[39m[37m       [2m | [22m[2mpolyfills[22m                     [2m | [22m [36m88.09 kB[39m[37m[2m | [22m[39m
[37m[32mchunk-VUOKGSXL.js[39m[37m  [2m | [22m[2m-[22m                             [2m | [22m [36m11.60 kB[39m[37m[2m | [22m[39m
[37m[32mchunk-YJSSW6GC.js[39m[37m  [2m | [22m[2m-[22m                             [2m | [22m [36m11.32 kB[39m[37m[2m | [22m[39m
[37m[32mstyles.css[39m[37m         [2m | [22m[2mstyles[22m                        [2m | [22m [36m10.96 kB[39m[37m[2m | [22m[39m
[37m[32mchunk-ZE74SHJB.js[39m[37m  [2m | [22m[2m-[22m                             [2m | [22m  [36m8.16 kB[39m[37m[2m | [22m[39m
[37m[32mchunk-OXDUWR5W.js[39m[37m  [2m | [22m[2m-[22m                             [2m | [22m  [36m4.84 kB[39m[37m[2m | [22m[39m
[37m[32mchunk-5O6Z5ZDG.js[39m[37m  [2m | [22m[2m-[22m                             [2m | [22m  [36m3.67 kB[39m[37m[2m | [22m[39m
[37m[32mchunk-PEPQDOOT.js[39m[37m  [2m | [22m[2m-[22m                             [2m | [22m  [36m3.31 kB[39m[37m[2m | [22m[39m
[37m[32mchunk-AJNGQG43.js[39m[37m  [2m | [22m[2m-[22m                             [2m | [22m  [36m2.62 kB[39m[37m[2m | [22m[39m
[37m[32mchunk-RV7DJD6P.js[39m[37m  [2m | [22m[2m-[22m                             [2m | [22m  [36m1.26 kB[39m[37m[2m | [22m[39m
[37m[39m
[37m[1m [22m                  [39m
[37m[2m | [22m[1mInitial total[22m                 [2m | [22m  [1m3.00 MB[22m[39m
[37m[39m
[37m[1mLazy chunk files[22m   [2m | [22m[1mNames[22m                         [2m | [22m [1mRaw size[22m[39m
[37m[32mchunk-A73PVSJU.js[39m[37m  [2m | [22m[2mtransformers-web[22m              [2m | [22m  [36m2.06 MB[39m[37m[2m | [22m[39m
[37m[32mchunk-C44LZLTA.js[39m[37m  [2m | [22m[2mpos-calculator-component[22m      [2m | [22m[36m176.45 kB[39m[37m[2m | [22m[39m
[37m[32mchunk-ESZVQEPQ.js[39m[37m  [2m | [22m[2minventory-list-component[22m      [2m | [22m[36m148.99 kB[39m[37m[2m | [22m[39m
[37m[32mchunk-HQBE27XB.js[39m[37m  [2m | [22m[2mreservation-component[22m         [2m | [22m[36m143.91 kB[39m[37m[2m | [22m[39m
[37m[32mchunk-7XCJ4ANG.js[39m[37m  [2m | [22m[2mlanding-component[22m             [2m | [22m[36m141.50 kB[39m[37m[2m | [22m[39m
[37m[32mchunk-AQLIHTZH.js[39m[37m  [2m | [22m[2mproduct-form-component[22m        [2m | [22m[36m111.90 kB[39m[37m[2m | [22m[39m
[37m[32mchunk-UYSPJQEW.js[39m[37m  [2m | [22m[2m-[22m                             [2m | [22m[36m103.77 kB[39m[37m[2m | [22m[39m
[37m[32mchunk-U6YVXRZL.js[39m[37m  [2m | [22m[2msales-management-component[22m    [2m | [22m [36m83.10 kB[39m[37m[2m | [22m[39m
[37m[32mchunk-DQZTO2OM.js[39m[37m  [2m | [22m[2mads-management-component[22m      [2m | [22m [36m79.03 kB[39m[37m[2m | [22m[39m
[37m[32mchunk-YYCUKW6O.js[39m[37m  [2m | [22m[2mcustomer-form-component[22m       [2m | [22m [36m74.24 kB[39m[37m[2m | [22m[39m
[37m[32mchunk-X4R55STL.js[39m[37m  [2m | [22m[2mstore-management-component[22m    [2m | [22m [36m70.63 kB[39m[37m[2m | [22m[39m
[37m[32mchunk-VPHVQ3FM.js[39m[37m  [2m | [22m[2muser-management-component[22m     [2m | [22m [36m69.23 kB[39m[37m[2m | [22m[39m
[37m[32mchunk-AED4GDX7.js[39m[37m  [2m | [22m[2mreports-component[22m             [2m | [22m [36m64.21 kB[39m[37m[2m | [22m[39m
[37m[32mchunk-SABXH7RH.js[39m[37m  [2m | [22m[2mexpenses-component[22m            [2m | [22m [36m59.66 kB[39m[37m[2m | [22m[39m
[37m[32mchunk-HOEGWLRJ.js[39m[37m  [2m | [22m[2msubscription-pricing-compon[39m[37ment[22m[2m | [22m [36m40.37 kB[39m[37m[2m | [22m[39m
[37m[2m...and 5 more lazy chunks files. Use "--verbose" to show all the files.[22m[39m
[37m[39m
[37mOutput location: C:\Users\jjorge\OneDrive - Infor\Desktop\AI Programs\jjm-inventory\dist\jjm-inventory[39m
[37m[39m
[37mApplication bundle generation complete. [9.153 seconds][39m
[37m[39m
[1m[33m[33mΓû▓ [43;33m[[43
;30mWARNING[43;33m][0m 
[1mTypeScript compiler 
options 'module' values 
'CommonJS', 'UMD', 'System' 
and 'AMD' are not 
supported.[0m 
[1m[35m[plugin 
angular-compiler][0m[39m[22m
[1m[33m[39m[22m
[1m[33m  The 'module' option 
will be set to 'ES2022' 
instead.[39m[22m
[1m[33m[39m[22m
[1m[33m[39m[22m
[1m[33m[33mΓû▓ [43;33m[[43
;30mWARNING[43;33m][0m 
[1mTypeScript compiler 
options 'target' and 
'useDefineForClassFields' are 
set to 'ES2022' and 'false' 
respectively by the Angular 
CLI.[0m [1m[35m[plugin 
angular-compiler][0m[39m[22m
[1m[33m[39m[22m
[1m[33m    tsconfig.app.json:
0:0:[39m[22m
[1m[33m[37m      0 Γöé 
[32m[37m[39m[22m
[1m[33m        Γò╡ 
[32m^[0m[39m[22m
[1m[33m[39m[22m
[1m[33m  To control ECMA 
version and features use the 
Browserslist configuration. 
For more information, see [4mh
ttps://angular.io/guide/build#c
onfiguring-browser-compatibilit
y[0m[39m[22m
[1m[33m[39m[22m
[1m[33m[39m[22m



 NX   Successfully ran target build for project jjm-inventory



 NX   Nx Cloud encountered some problems

This workspace is more than three days old and is not connected. Workspaces must be connected within 3 days of creation. Claim your workspace at https://cloud.nx.app. (code: 401)

